Archive member included because of file (symbol)

/libexec/../lib/gcc/x86_64-nacl/4.4.3/../../../../x86_64-nacl/lib/../lib32/libppapi_stub.a(plugin_main_irt_21ce9d26.o)
                              /libexec/../lib/gcc/x86_64-nacl/4.4.3/../../../../x86_64-nacl/lib/../lib32/crt1.o (main)
/libexec/../lib/gcc/x86_64-nacl/4.4.3/../../../../x86_64-nacl/lib/../lib32/libppapi_stub.a(ppapi_plugin_main_399d0cf7.o)
                              /libexec/../lib/gcc/x86_64-nacl/4.4.3/../../../../x86_64-nacl/lib/../lib32/libppapi_stub.a(plugin_main_irt_21ce9d26.o) (PpapiPluginMain)
/libexec/../lib/gcc/x86_64-nacl/4.4.3/../../../../x86_64-nacl/lib/../lib32/libppapi_stub.a(ppapi_plugin_start_8da67623.o)
                              /libexec/../lib/gcc/x86_64-nacl/4.4.3/../../../../x86_64-nacl/lib/../lib32/libppapi_stub.a(ppapi_plugin_main_399d0cf7.o) (PpapiPluginStart)
/libexec/../lib/gcc/x86_64-nacl/4.4.3/../../../../x86_64-nacl/lib/../lib32/libppapi_stub.a(thread_creator_ccf263e1.o)
                              /libexec/../lib/gcc/x86_64-nacl/4.4.3/../../../../x86_64-nacl/lib/../lib32/libppapi_stub.a(ppapi_plugin_start_8da67623.o) (__nacl_register_thread_creator)
/libexec/../lib/gcc/x86_64-nacl/4.4.3/../../../../x86_64-nacl/lib/../lib32/libc_nonshared.a(elf-init.ons)
                              /libexec/../lib/gcc/x86_64-nacl/4.4.3/../../../../x86_64-nacl/lib/../lib32/crt1.o (__libc_csu_fini)

Discarded input sections

 .note.ABI-tag  0x0000000000000000       0x20 /libexec/../lib/gcc/x86_64-nacl/4.4.3/../../../../x86_64-nacl/lib/../lib32/crt1.o
 .note.GNU-stack
                0x0000000000000000        0x0 /libexec/../lib/gcc/x86_64-nacl/4.4.3/../../../../x86_64-nacl/lib/../lib32/crt1.o
 .note.GNU-stack
                0x0000000000000000        0x0 /libexec/../lib/gcc/x86_64-nacl/4.4.3/../../../../x86_64-nacl/lib/../lib32/crti.o
 .note.GNU-stack
                0x0000000000000000        0x0 /libexec/../lib/gcc/x86_64-nacl/4.4.3/32/crtbegin.o
 .group         0x0000000000000000        0x8 glibc/Release/core_x86_32.o
 .group         0x0000000000000000        0x8 glibc/Release/core_x86_32.o
 .group         0x0000000000000000        0x8 glibc/Release/core_x86_32.o
 .group         0x0000000000000000        0x8 glibc/Release/core_x86_32.o
 .group         0x0000000000000000        0x8 glibc/Release/core_x86_32.o
 .group         0x0000000000000000        0x8 glibc/Release/core_x86_32.o
 .group         0x0000000000000000        0x8 glibc/Release/core_x86_32.o
 .group         0x0000000000000000        0x8 glibc/Release/core_x86_32.o
 .group         0x0000000000000000        0x8 glibc/Release/core_x86_32.o
 .group         0x0000000000000000        0x8 glibc/Release/core_x86_32.o
 .group         0x0000000000000000        0x8 glibc/Release/core_x86_32.o
 .group         0x0000000000000000        0x8 glibc/Release/core_x86_32.o
 .group         0x0000000000000000        0x8 glibc/Release/core_x86_32.o
 .group         0x0000000000000000        0x8 glibc/Release/core_x86_32.o
 .note.GNU-stack
                0x0000000000000000        0x0 glibc/Release/core_x86_32.o
 .group         0x0000000000000000        0x8 /libexec/../lib/gcc/x86_64-nacl/4.4.3/../../../../x86_64-nacl/lib/../lib32/libppapi_stub.a(plugin_main_irt_21ce9d26.o)
 .note.GNU-stack
                0x0000000000000000        0x0 /libexec/../lib/gcc/x86_64-nacl/4.4.3/../../../../x86_64-nacl/lib/../lib32/libppapi_stub.a(plugin_main_irt_21ce9d26.o)
 .group         0x0000000000000000        0x8 /libexec/../lib/gcc/x86_64-nacl/4.4.3/../../../../x86_64-nacl/lib/../lib32/libppapi_stub.a(ppapi_plugin_main_399d0cf7.o)
 .text.__i686.get_pc_thunk.bx
                0x0000000000000000       0x20 /libexec/../lib/gcc/x86_64-nacl/4.4.3/../../../../x86_64-nacl/lib/../lib32/libppapi_stub.a(ppapi_plugin_main_399d0cf7.o)
 .note.GNU-stack
                0x0000000000000000        0x0 /libexec/../lib/gcc/x86_64-nacl/4.4.3/../../../../x86_64-nacl/lib/../lib32/libppapi_stub.a(ppapi_plugin_main_399d0cf7.o)
 .group         0x0000000000000000        0x8 /libexec/../lib/gcc/x86_64-nacl/4.4.3/../../../../x86_64-nacl/lib/../lib32/libppapi_stub.a(ppapi_plugin_start_8da67623.o)
 .text.__i686.get_pc_thunk.bx
                0x0000000000000000       0x20 /libexec/../lib/gcc/x86_64-nacl/4.4.3/../../../../x86_64-nacl/lib/../lib32/libppapi_stub.a(ppapi_plugin_start_8da67623.o)
 .note.GNU-stack
                0x0000000000000000        0x0 /libexec/../lib/gcc/x86_64-nacl/4.4.3/../../../../x86_64-nacl/lib/../lib32/libppapi_stub.a(ppapi_plugin_start_8da67623.o)
 .group         0x0000000000000000        0x8 /libexec/../lib/gcc/x86_64-nacl/4.4.3/../../../../x86_64-nacl/lib/../lib32/libppapi_stub.a(thread_creator_ccf263e1.o)
 .text.__i686.get_pc_thunk.bx
                0x0000000000000000       0x20 /libexec/../lib/gcc/x86_64-nacl/4.4.3/../../../../x86_64-nacl/lib/../lib32/libppapi_stub.a(thread_creator_ccf263e1.o)
 .note.GNU-stack
                0x0000000000000000        0x0 /libexec/../lib/gcc/x86_64-nacl/4.4.3/../../../../x86_64-nacl/lib/../lib32/libppapi_stub.a(thread_creator_ccf263e1.o)
 .note.GNU-stack
                0x0000000000000000        0x0 /libexec/../lib/gcc/x86_64-nacl/4.4.3/../../../../x86_64-nacl/lib/../lib32/libc_nonshared.a(elf-init.ons)
 .note.GNU-stack
                0x0000000000000000        0x0 /libexec/../lib/gcc/x86_64-nacl/4.4.3/32/crtend.o
 .note.GNU-stack
                0x0000000000000000        0x0 /libexec/../lib/gcc/x86_64-nacl/4.4.3/../../../../x86_64-nacl/lib/../lib32/crtn.o

Memory Configuration

Name             Origin             Length             Attributes
*default*        0x0000000000000000 0xffffffffffffffff

Linker script and memory map

LOAD /libexec/../lib/gcc/x86_64-nacl/4.4.3/../../../../x86_64-nacl/lib/../lib32/crt1.o
LOAD /libexec/../lib/gcc/x86_64-nacl/4.4.3/../../../../x86_64-nacl/lib/../lib32/crti.o
LOAD /libexec/../lib/gcc/x86_64-nacl/4.4.3/32/crtbegin.o
LOAD glibc/Release/core_x86_32.o
LOAD C:/shalini/Course_Material/cse293/nacl_sdk/pepper_49/lib/glibc_x86_32/Release/libppapi_cpp.so
LOAD /libexec/../lib/gcc/x86_64-nacl/4.4.3/../../../../x86_64-nacl/lib/../lib32/libppapi.so
LOAD /libexec/../lib/gcc/x86_64-nacl/4.4.3/../../../../x86_64-nacl/lib/../lib32/libppapi_stub.a
LOAD /libexec/../lib/gcc/x86_64-nacl/4.4.3/../../../../x86_64-nacl/lib/../lib32/libpthread.so
START GROUP
LOAD /libexec/../lib/gcc/x86_64-nacl/4.4.3/../../../../x86_64-nacl/lib/../lib32/libpthread.so.11835d88
LOAD /libexec/../lib/gcc/x86_64-nacl/4.4.3/../../../../x86_64-nacl/lib/../lib32/libpthread_nonshared.a
END GROUP
LOAD /libexec/../lib/gcc/x86_64-nacl/4.4.3/../../../../x86_64-nacl/lib/../lib32/libstdc++.so
LOAD /libexec/../lib/gcc/x86_64-nacl/4.4.3/../../../../x86_64-nacl/lib/../lib32/libm.so
LOAD /libexec/../lib/gcc/x86_64-nacl/4.4.3/../../../../x86_64-nacl/lib/../lib32/libgcc_s.so
LOAD /libexec/../lib/gcc/x86_64-nacl/4.4.3/32/libgcc.a
LOAD /libexec/../lib/gcc/x86_64-nacl/4.4.3/../../../../x86_64-nacl/lib/../lib32/libpthread.so
START GROUP
LOAD /libexec/../lib/gcc/x86_64-nacl/4.4.3/../../../../x86_64-nacl/lib/../lib32/libpthread.so.11835d88
LOAD /libexec/../lib/gcc/x86_64-nacl/4.4.3/../../../../x86_64-nacl/lib/../lib32/libpthread_nonshared.a
END GROUP
LOAD /libexec/../lib/gcc/x86_64-nacl/4.4.3/../../../../x86_64-nacl/lib/../lib32/libc.so
START GROUP
LOAD /libexec/../lib/gcc/x86_64-nacl/4.4.3/../../../../x86_64-nacl/lib/../lib32/libc.so.11835d88
LOAD /libexec/../lib/gcc/x86_64-nacl/4.4.3/../../../../x86_64-nacl/lib/../lib32/libc_nonshared.a
LOAD /libexec/../lib/gcc/x86_64-nacl/4.4.3/../../../../x86_64-nacl/lib/../lib32/ld-nacl-x86-32.so.1
END GROUP
LOAD /libexec/../lib/gcc/x86_64-nacl/4.4.3/../../../../x86_64-nacl/lib/../lib32/libgcc_s.so
LOAD /libexec/../lib/gcc/x86_64-nacl/4.4.3/32/libgcc.a
LOAD /libexec/../lib/gcc/x86_64-nacl/4.4.3/32/crtend.o
LOAD /libexec/../lib/gcc/x86_64-nacl/4.4.3/../../../../x86_64-nacl/lib/../lib32/crtn.o
                0x0000000001000000                . = 0x1000000
                0x0000000001000000                PROVIDE (__executable_start, .)

.init           0x0000000001000000       0xa0
 *(.init)
 .init          0x0000000001000000       0x40 /libexec/../lib/gcc/x86_64-nacl/4.4.3/../../../../x86_64-nacl/lib/../lib32/crti.o
                0x0000000001000000                _init
 .init          0x0000000001000040       0x20 /libexec/../lib/gcc/x86_64-nacl/4.4.3/32/crtbegin.o
 .init          0x0000000001000060       0x20 /libexec/../lib/gcc/x86_64-nacl/4.4.3/32/crtend.o
 .init          0x0000000001000080       0x20 /libexec/../lib/gcc/x86_64-nacl/4.4.3/../../../../x86_64-nacl/lib/../lib32/crtn.o
                0x00000000010000a0                . = ALIGN (0x20)

.plt            0x00000000010000a0      0x9c0
 *(.plt)
 .plt           0x00000000010000a0      0x9c0 /libexec/../lib/gcc/x86_64-nacl/4.4.3/../../../../x86_64-nacl/lib/../lib32/crt1.o
                0x00000000010000e0                pp::Instance::~Instance()
                0x0000000001000120                __deregister_frame_info@@GLIBC_2.0
                0x0000000001000160                pthread_join@@GLIBC_2.0
                0x00000000010001a0                pp::Lock::Acquire()
                0x0000000001000220                operator delete(void*)@@GLIBCXX_3.4
                0x0000000001000260                pp::Lock::~Lock()
                0x00000000010002a0                write@@GLIBC_2.0
                0x00000000010002e0                __register_frame_info@@GLIBC_2.0
                0x0000000001000320                pp::Instance::DidChangeView(pp::View const&)
                0x0000000001000360                __libc_start_main@@GLIBC_2.0
                0x00000000010003a0                PPP_GetInterface
                0x00000000010003e0                _exit@@GLIBC_2.0
                0x0000000001000420                pp::Instance::DidChangeView(pp::Rect const&, pp::Rect const&)
                0x0000000001000460                PPP_InitializeModule
                0x00000000010004a0                pp::Instance::HandleInputEvent(pp::InputEvent const&)
                0x00000000010004e0                pp::Var::Var(int)
                0x0000000001000520                pp::Lock::Release()
                0x0000000001000560                pp::Var::Var(double)
                0x00000000010005a0                strlen@@GLIBC_2.0
                0x00000000010005e0                pp::Instance::HandleDocumentLoad(pp::URLLoader const&)
                0x0000000001000620                pp::Module::Get()
                0x0000000001000660                pp::Instance::PostMessage(pp::Var const&)
                0x00000000010006a0                pp::Lock::Lock()
                0x00000000010006e0                operator new(unsigned int)@@GLIBCXX_3.4
                0x0000000001000720                pp::Var::AsInt() const
                0x0000000001000760                pp::Core::CallOnMainThread(int, pp::CompletionCallback const&, int)
                0x00000000010007a0                pp::Instance::DidChangeFocus(bool)
                0x00000000010007e0                pthread_create@@GLIBC_2.1
                0x0000000001000820                pp::Instance::Init(unsigned int, char const**, char const**)
                0x0000000001000860                pp::Instance::Instance(int)
                0x00000000010008a0                pp::Var::~Var()
                0x00000000010008e0                pp::Module::Init()
                0x0000000001000920                __gxx_personality_v0@@CXXABI_1.3
                0x0000000001000960                pp::Module::Module()
                0x00000000010009a0                pp::Module::~Module()
                0x00000000010009e0                PPP_ShutdownModule
                0x0000000001000a20                _Unwind_Resume@@GCC_3.0

.text           0x0000000001000a60     0xf5a0
 *(.text .stub .text.* .gnu.linkonce.t.*)
 .text          0x0000000001000a60       0x80 /libexec/../lib/gcc/x86_64-nacl/4.4.3/../../../../x86_64-nacl/lib/../lib32/crt1.o
                0x0000000001000a60                _start
 .text          0x0000000001000ae0        0x0 /libexec/../lib/gcc/x86_64-nacl/4.4.3/../../../../x86_64-nacl/lib/../lib32/crti.o
 .text          0x0000000001000ae0      0x160 /libexec/../lib/gcc/x86_64-nacl/4.4.3/32/crtbegin.o
 .text          0x0000000001000c40       0xa0 glibc/Release/core_x86_32.o
                0x0000000001000c40                pp::CreateModule()
 .text._ZN12CoreInstance13HandleMessageERKN2pp3VarE
                0x0000000001000ce0      0x300 glibc/Release/core_x86_32.o
                0x0000000001000ce0                CoreInstance::HandleMessage(pp::Var const&)
 .text._ZN2pp25CompletionCallbackFactoryI12CoreInstanceNS_22ThreadSafeThreadTraitsEE12CallbackDataINS3_11Dispatcher0IMS1_FviEEEE5ThunkEPvi
                0x0000000001000fe0      0x160 glibc/Release/core_x86_32.o
                0x0000000001000fe0                pp::CompletionCallbackFactory<CoreInstance, pp::ThreadSafeThreadTraits>::CallbackData<pp::CompletionCallbackFactory<CoreInstance, pp::ThreadSafeThreadTraits>::Dispatcher0<void (CoreInstance::*)(int)> >::Thunk(void*, int)
 .text._ZN12CoreInstance11DelayedPostEi
                0x0000000001001140      0x100 glibc/Release/core_x86_32.o
                0x0000000001001140                CoreInstance::DelayedPost(int)
 .text._ZN10CoreModuleD0Ev
                0x0000000001001240       0x40 glibc/Release/core_x86_32.o
                0x0000000001001240                CoreModule::~CoreModule()
 .text._ZN10CoreModuleD1Ev
                0x0000000001001280       0x20 glibc/Release/core_x86_32.o
                0x0000000001001280                CoreModule::~CoreModule()
 .text._ZN10CoreModule14CreateInstanceEi
                0x00000000010012a0      0x240 glibc/Release/core_x86_32.o
                0x00000000010012a0                CoreModule::CreateInstance(int)
 .text._ZN12CoreInstanceD1Ev
                0x00000000010014e0      0x160 glibc/Release/core_x86_32.o
                0x00000000010014e0                CoreInstance::~CoreInstance()
 .text._ZN12CoreInstanceD0Ev
                0x0000000001001640      0x180 glibc/Release/core_x86_32.o
                0x0000000001001640                CoreInstance::~CoreInstance()
 .text          0x00000000010017c0       0x60 /libexec/../lib/gcc/x86_64-nacl/4.4.3/../../../../x86_64-nacl/lib/../lib32/libppapi_stub.a(plugin_main_irt_21ce9d26.o)
                0x00000000010017c0                main
 .text.__i686.get_pc_thunk.bx
                0x0000000001001820       0x20 /libexec/../lib/gcc/x86_64-nacl/4.4.3/../../../../x86_64-nacl/lib/../lib32/libppapi_stub.a(plugin_main_irt_21ce9d26.o)
                0x0000000001001820                __i686.get_pc_thunk.bx
 .text          0x0000000001001840       0x60 /libexec/../lib/gcc/x86_64-nacl/4.4.3/../../../../x86_64-nacl/lib/../lib32/libppapi_stub.a(ppapi_plugin_main_399d0cf7.o)
                0x0000000001001840                PpapiPluginMain
 .text          0x00000000010018a0      0x220 /libexec/../lib/gcc/x86_64-nacl/4.4.3/../../../../x86_64-nacl/lib/../lib32/libppapi_stub.a(ppapi_plugin_start_8da67623.o)
                0x0000000001001920                PpapiPluginStart
 .text          0x0000000001001ac0      0x140 /libexec/../lib/gcc/x86_64-nacl/4.4.3/../../../../x86_64-nacl/lib/../lib32/libppapi_stub.a(thread_creator_ccf263e1.o)
                0x0000000001001ac0                __nacl_register_thread_creator
 .text          0x0000000001001c00       0xe0 /libexec/../lib/gcc/x86_64-nacl/4.4.3/../../../../x86_64-nacl/lib/../lib32/libc_nonshared.a(elf-init.ons)
                0x0000000001001c00                __libc_csu_fini
                0x0000000001001c20                __libc_csu_init
 .text          0x0000000001001ce0       0x80 /libexec/../lib/gcc/x86_64-nacl/4.4.3/32/crtend.o
 .text          0x0000000001001d60        0x0 /libexec/../lib/gcc/x86_64-nacl/4.4.3/../../../../x86_64-nacl/lib/../lib32/crtn.o
 *(.text.*personality*)
 *(.gnu.warning)
 *(.fini)
 .fini          0x0000000001001d60       0x40 /libexec/../lib/gcc/x86_64-nacl/4.4.3/../../../../x86_64-nacl/lib/../lib32/crti.o
                0x0000000001001d60                _fini
 .fini          0x0000000001001da0       0x20 /libexec/../lib/gcc/x86_64-nacl/4.4.3/32/crtbegin.o
 .fini          0x0000000001001dc0       0x20 /libexec/../lib/gcc/x86_64-nacl/4.4.3/../../../../x86_64-nacl/lib/../lib32/crtn.o
                0x0000000001010000                . = ALIGN (0x10000)
 *fill*         0x0000000001001de0     0xe220 90909090
                0x0000000001010000                PROVIDE (__etext, .)
                0x0000000001010000                PROVIDE (_etext, .)
                0x0000000001010000                PROVIDE (etext, .)

.iplt           0x0000000001010000        0x0
 .iplt          0x0000000000000000        0x0 /libexec/../lib/gcc/x86_64-nacl/4.4.3/../../../../x86_64-nacl/lib/../lib32/crt1.o
                0x0000000011000000                . = 0x11000000

.interp         0x0000000011000000       0x19
 *(.interp)
 .interp        0x0000000011000000       0x19 /libexec/../lib/gcc/x86_64-nacl/4.4.3/../../../../x86_64-nacl/lib/../lib32/crt1.o

.note.gnu.build-id
                0x000000001100001c       0x24
                0x000000001100001c                PROVIDE (__note_gnu_build_id_start, .)
 *(.note.gnu.build-id)
 .note.gnu.build-id
                0x000000001100001c       0x24 /libexec/../lib/gcc/x86_64-nacl/4.4.3/../../../../x86_64-nacl/lib/../lib32/crt1.o
                0x0000000011000040                PROVIDE (__note_gnu_build_id_end, .)

.dummy

.hash           0x0000000011000040      0x170
 *(.hash)
 .hash          0x0000000011000040      0x170 /libexec/../lib/gcc/x86_64-nacl/4.4.3/../../../../x86_64-nacl/lib/../lib32/crt1.o

.gnu.hash
 *(.gnu.hash)

.dynsym         0x00000000110001b0      0x350
 *(.dynsym)
 .dynsym        0x00000000110001b0      0x350 /libexec/../lib/gcc/x86_64-nacl/4.4.3/../../../../x86_64-nacl/lib/../lib32/crt1.o

.dynstr         0x0000000011000500      0x48e
 *(.dynstr)
 .dynstr        0x0000000011000500      0x48e /libexec/../lib/gcc/x86_64-nacl/4.4.3/../../../../x86_64-nacl/lib/../lib32/crt1.o

.gnu.version    0x000000001100098e       0x6a
 *(.gnu.version)
 .gnu.version   0x000000001100098e       0x6a /libexec/../lib/gcc/x86_64-nacl/4.4.3/../../../../x86_64-nacl/lib/../lib32/crt1.o

.gnu.version_d  0x00000000110009f8        0x0
 *(.gnu.version_d)
 .gnu.version_d
                0x0000000000000000        0x0 /libexec/../lib/gcc/x86_64-nacl/4.4.3/../../../../x86_64-nacl/lib/../lib32/crt1.o

.gnu.version_r  0x00000000110009f8       0xb0
 *(.gnu.version_r)
 .gnu.version_r
                0x00000000110009f8       0xb0 /libexec/../lib/gcc/x86_64-nacl/4.4.3/../../../../x86_64-nacl/lib/../lib32/crt1.o

.rel.dyn        0x0000000011000aa8        0x0
 .rel.iplt      0x0000000000000000        0x0 /libexec/../lib/gcc/x86_64-nacl/4.4.3/../../../../x86_64-nacl/lib/../lib32/crt1.o
 .rel.eh_frame  0x0000000000000000        0x0 /libexec/../lib/gcc/x86_64-nacl/4.4.3/../../../../x86_64-nacl/lib/../lib32/crt1.o

.rel.init
 *(.rel.init)

.rela.init
 *(.rela.init)

.rel.text       0x0000000011000aa8        0x0
 *(.rel.text .rel.text.* .rel.gnu.linkonce.t.*)
 .rel.text      0x0000000000000000        0x0 /libexec/../lib/gcc/x86_64-nacl/4.4.3/../../../../x86_64-nacl/lib/../lib32/crt1.o
 .rel.text._ZN12CoreInstance13HandleMessageERKN2pp3VarE
                0x0000000000000000        0x0 /libexec/../lib/gcc/x86_64-nacl/4.4.3/../../../../x86_64-nacl/lib/../lib32/crt1.o
 .rel.text._ZN2pp25CompletionCallbackFactoryI12CoreInstanceNS_22ThreadSafeThreadTraitsEE12CallbackDataINS3_11Dispatcher0IMS1_FviEEEE5ThunkEPvi
                0x0000000000000000        0x0 /libexec/../lib/gcc/x86_64-nacl/4.4.3/../../../../x86_64-nacl/lib/../lib32/crt1.o
 .rel.text._ZN12CoreInstance11DelayedPostEi
                0x0000000000000000        0x0 /libexec/../lib/gcc/x86_64-nacl/4.4.3/../../../../x86_64-nacl/lib/../lib32/crt1.o
 .rel.text._ZN10CoreModuleD0Ev
                0x0000000000000000        0x0 /libexec/../lib/gcc/x86_64-nacl/4.4.3/../../../../x86_64-nacl/lib/../lib32/crt1.o
 .rel.text._ZN10CoreModuleD1Ev
                0x0000000000000000        0x0 /libexec/../lib/gcc/x86_64-nacl/4.4.3/../../../../x86_64-nacl/lib/../lib32/crt1.o
 .rel.text._ZN10CoreModule14CreateInstanceEi
                0x0000000000000000        0x0 /libexec/../lib/gcc/x86_64-nacl/4.4.3/../../../../x86_64-nacl/lib/../lib32/crt1.o
 .rel.text._ZN12CoreInstanceD1Ev
                0x0000000000000000        0x0 /libexec/../lib/gcc/x86_64-nacl/4.4.3/../../../../x86_64-nacl/lib/../lib32/crt1.o
 .rel.text._ZN12CoreInstanceD0Ev
                0x0000000000000000        0x0 /libexec/../lib/gcc/x86_64-nacl/4.4.3/../../../../x86_64-nacl/lib/../lib32/crt1.o

.rela.text
 *(.rela.text .rela.text.* .rela.gnu.linkonce.t.*)

.rel.fini
 *(.rel.fini)

.rela.fini
 *(.rela.fini)

.rel.rodata     0x0000000011000aa8        0x0
 *(.rel.rodata .rel.rodata.* .rel.gnu.linkonce.r.*)
 .rel.rodata._ZTV10CoreModule
                0x0000000000000000        0x0 /libexec/../lib/gcc/x86_64-nacl/4.4.3/../../../../x86_64-nacl/lib/../lib32/crt1.o
 .rel.rodata._ZTI10CoreModule
                0x0000000000000000        0x0 /libexec/../lib/gcc/x86_64-nacl/4.4.3/../../../../x86_64-nacl/lib/../lib32/crt1.o
 .rel.rodata._ZTV12CoreInstance
                0x0000000000000000        0x0 /libexec/../lib/gcc/x86_64-nacl/4.4.3/../../../../x86_64-nacl/lib/../lib32/crt1.o
 .rel.rodata._ZTI12CoreInstance
                0x0000000000000000        0x0 /libexec/../lib/gcc/x86_64-nacl/4.4.3/../../../../x86_64-nacl/lib/../lib32/crt1.o

.rela.rodata
 *(.rela.rodata .rela.rodata.* .rela.gnu.linkonce.r.*)

.rel.data.rel.ro
                0x0000000011000aa8        0x0
 *(.rel.data.rel.ro* .rel.gnu.linkonce.d.rel.ro.*)
 .rel.data.rel.ro
                0x0000000000000000        0x0 /libexec/../lib/gcc/x86_64-nacl/4.4.3/../../../../x86_64-nacl/lib/../lib32/crt1.o

.rela.data.rel.ro
 *(.rela.data.rel.ro* .rela.gnu.linkonce.d.rel.ro.*)

.rel.data
 *(.rel.data .rel.data.* .rel.gnu.linkonce.d.*)

.rela.data
 *(.rela.data .rela.data.* .rela.gnu.linkonce.d.*)

.rel.tdata
 *(.rel.tdata .rel.tdata.* .rel.gnu.linkonce.td.*)

.rela.tdata
 *(.rela.tdata .rela.tdata.* .rela.gnu.linkonce.td.*)

.rel.tbss
 *(.rel.tbss .rel.tbss.* .rel.gnu.linkonce.tb.*)

.rela.tbss
 *(.rela.tbss .rela.tbss.* .rela.gnu.linkonce.tb.*)

.rel.ctors
 *(.rel.ctors)

.rela.ctors
 *(.rela.ctors)

.rel.dtors
 *(.rel.dtors)

.rela.dtors
 *(.rela.dtors)

.rel.got        0x0000000011000aa8       0x10
 *(.rel.got)
 .rel.got       0x0000000011000aa8       0x10 /libexec/../lib/gcc/x86_64-nacl/4.4.3/../../../../x86_64-nacl/lib/../lib32/crt1.o

.rela.got
 *(.rela.got)

.rel.bss        0x0000000011000ab8       0x18
 *(.rel.bss .rel.bss.* .rel.gnu.linkonce.b.*)
 .rel.bss       0x0000000011000ab8       0x18 /libexec/../lib/gcc/x86_64-nacl/4.4.3/../../../../x86_64-nacl/lib/../lib32/crt1.o

.rela.bss
 *(.rela.bss .rela.bss.* .rela.gnu.linkonce.b.*)

.rel.plt        0x0000000011000ad0      0x130
 *(.rel.plt)
 .rel.plt       0x0000000011000ad0      0x130 /libexec/../lib/gcc/x86_64-nacl/4.4.3/../../../../x86_64-nacl/lib/../lib32/crt1.o

.rela.plt
 *(.rela.plt)

.rodata         0x0000000011000c00      0x13b
 *(.rodata .rodata.* .gnu.linkonce.r.*)
 .rodata.cst4   0x0000000011000c00        0x4 /libexec/../lib/gcc/x86_64-nacl/4.4.3/../../../../x86_64-nacl/lib/../lib32/crt1.o
                0x0000000011000c00                _IO_stdin_used
 *fill*         0x0000000011000c04        0x4 
 .rodata._ZTV10CoreModule
                0x0000000011000c08       0x18 glibc/Release/core_x86_32.o
                0x0000000011000c08                vtable for CoreModule
 .rodata._ZTI10CoreModule
                0x0000000011000c20        0xc glibc/Release/core_x86_32.o
                0x0000000011000c20                typeinfo for CoreModule
 .rodata._ZTS10CoreModule
                0x0000000011000c2c        0xd glibc/Release/core_x86_32.o
                0x0000000011000c2c                typeinfo name for CoreModule
 *fill*         0x0000000011000c39        0x7 
 .rodata._ZTV12CoreInstance
                0x0000000011000c40       0x2c glibc/Release/core_x86_32.o
                0x0000000011000c40                vtable for CoreInstance
 .rodata._ZTI12CoreInstance
                0x0000000011000c6c        0xc glibc/Release/core_x86_32.o
                0x0000000011000c6c                typeinfo for CoreInstance
 .rodata._ZTS12CoreInstance
                0x0000000011000c78        0xf glibc/Release/core_x86_32.o
                0x0000000011000c78                typeinfo name for CoreInstance
 *fill*         0x0000000011000c87        0x1 
 .rodata.str1.4
                0x0000000011000c88       0x9c /libexec/../lib/gcc/x86_64-nacl/4.4.3/../../../../x86_64-nacl/lib/../lib32/libppapi_stub.a(ppapi_plugin_start_8da67623.o)
                                         0x99 (size before relaxing)
 .rodata.str1.1
                0x0000000011000d24       0x17 /libexec/../lib/gcc/x86_64-nacl/4.4.3/../../../../x86_64-nacl/lib/../lib32/libppapi_stub.a(ppapi_plugin_start_8da67623.o)

.rodata1
 *(.rodata1)

.eh_frame_hdr   0x0000000011000d3c       0x5c
 *(.eh_frame_hdr)
 .eh_frame_hdr  0x0000000011000d3c       0x5c glibc/Release/core_x86_32.o

.eh_frame       0x0000000011000d98      0x1b4
 *(.eh_frame)
 .eh_frame      0x0000000011000d98       0x3c /libexec/../lib/gcc/x86_64-nacl/4.4.3/../../../../x86_64-nacl/lib/../lib32/crt1.o
                                         0x40 (size before relaxing)
 .eh_frame      0x0000000011000dd4        0x0 /libexec/../lib/gcc/x86_64-nacl/4.4.3/32/crtbegin.o
 .eh_frame      0x0000000011000dd4      0x174 glibc/Release/core_x86_32.o
 .eh_frame      0x0000000011000f48        0x4 /libexec/../lib/gcc/x86_64-nacl/4.4.3/32/crtend.o

.gcc_except_table
                0x0000000011000f4c       0xb2
 *(.gcc_except_table .gcc_except_table.*)
 .gcc_except_table
                0x0000000011000f4c       0xb2 glibc/Release/core_x86_32.o
                0x0000000011000ffe                . = (ALIGN (0x10000) - ((0x10000 - .) & 0xffff))
                0x0000000011010ffe                . = DATA_SEGMENT_ALIGN (0x10000, 0x10000)

.eh_frame
 *(.eh_frame)

.gcc_except_table
 *(.gcc_except_table .gcc_except_table.*)

.tdata          0x0000000011010ffe        0x0
                0x0000000011010ffe                PROVIDE (__tls_template_start, .)
 *(.tdata .tdata.* .gnu.linkonce.td.*)
                0x0000000011010ffe                PROVIDE (__tls_template_tdata_end, .)

.tbss
 *(.tbss .tbss.* .gnu.linkonce.tb.*)
 *(.tcommon)
                0x0000000011010ffe                PROVIDE (__tls_template_end, .)
                0x0000000000000001                PROVIDE (__tls_template_align, MAX (ALIGNOF (.tdata), ALIGNOF (.tbss)))

.preinit_array  0x0000000011010ffe        0x0
                0x0000000011010ffe                PROVIDE (__preinit_array_start, .)
 *(.preinit_array)
                0x0000000011010ffe                PROVIDE (__preinit_array_end, .)

.init_array     0x0000000011010ffe        0x0
                0x0000000011010ffe                PROVIDE (__init_array_start, .)
 *(SORT(.init_array.*))
 *(.init_array)
                0x0000000011010ffe                PROVIDE (__init_array_end, .)

.fini_array     0x0000000011010ffe        0x0
                0x0000000011010ffe                PROVIDE (__fini_array_start, .)
 *(.fini_array)
 *(SORT(.fini_array.*))
                0x0000000011010ffe                PROVIDE (__fini_array_end, .)

.ctors          0x0000000011011000        0x8
 *crtbegin.o(.ctors)
 .ctors         0x0000000011011000        0x4 /libexec/../lib/gcc/x86_64-nacl/4.4.3/32/crtbegin.o
 *crtbegin?.o(.ctors)
 *(EXCLUDE_FILE(*crtend?.o *crtend.o) .ctors)
 *(SORT(.ctors.*))
 *(.ctors)
 .ctors         0x0000000011011004        0x4 /libexec/../lib/gcc/x86_64-nacl/4.4.3/32/crtend.o

.dtors          0x0000000011011008        0x8
 *crtbegin.o(.dtors)
 .dtors         0x0000000011011008        0x4 /libexec/../lib/gcc/x86_64-nacl/4.4.3/32/crtbegin.o
 *crtbegin?.o(.dtors)
 *(EXCLUDE_FILE(*crtend?.o *crtend.o) .dtors)
 *(SORT(.dtors.*))
 *(.dtors)
 .dtors         0x000000001101100c        0x4 /libexec/../lib/gcc/x86_64-nacl/4.4.3/32/crtend.o
                0x000000001101100c                __DTOR_END__

.jcr            0x0000000011011010        0x4
 *(.jcr)
 .jcr           0x0000000011011010        0x0 /libexec/../lib/gcc/x86_64-nacl/4.4.3/32/crtbegin.o
 .jcr           0x0000000011011010        0x4 /libexec/../lib/gcc/x86_64-nacl/4.4.3/32/crtend.o

.data.rel.ro    0x0000000011011014       0x14
 *(.data.rel.ro.local* .gnu.linkonce.d.rel.ro.local.*)
 .data.rel.ro.local
                0x0000000011011014        0x8 /libexec/../lib/gcc/x86_64-nacl/4.4.3/../../../../x86_64-nacl/lib/../lib32/libppapi_stub.a(thread_creator_ccf263e1.o)
 *(.data.rel.ro* .gnu.linkonce.d.rel.ro.*)
 .data.rel.ro   0x000000001101101c        0xc /libexec/../lib/gcc/x86_64-nacl/4.4.3/../../../../x86_64-nacl/lib/../lib32/libppapi_stub.a(ppapi_plugin_main_399d0cf7.o)

.dynamic        0x0000000011011028       0xe8
 *(.dynamic)
 .dynamic       0x0000000011011028       0xe8 /libexec/../lib/gcc/x86_64-nacl/4.4.3/../../../../x86_64-nacl/lib/../lib32/crt1.o
                0x0000000011011028                _DYNAMIC

.got            0x0000000011011110        0x8
 *(.got)
 .got           0x0000000011011110        0x8 /libexec/../lib/gcc/x86_64-nacl/4.4.3/../../../../x86_64-nacl/lib/../lib32/crt1.o
                0x0000000011011118                . = DATA_SEGMENT_RELRO_END (., 0xc)

.got.plt        0x0000000011011118       0xa4
 *(.got.plt)
 .got.plt       0x0000000011011118       0xa4 /libexec/../lib/gcc/x86_64-nacl/4.4.3/../../../../x86_64-nacl/lib/../lib32/crt1.o
                0x0000000011011118                _GLOBAL_OFFSET_TABLE_

.data           0x00000000110111bc        0x4
 *(.data .data.* .gnu.linkonce.d.*)
 .data          0x00000000110111bc        0x0 /libexec/../lib/gcc/x86_64-nacl/4.4.3/../../../../x86_64-nacl/lib/../lib32/crt1.o
 .data          0x00000000110111bc        0x0 /libexec/../lib/gcc/x86_64-nacl/4.4.3/../../../../x86_64-nacl/lib/../lib32/crti.o
 .data          0x00000000110111bc        0x4 /libexec/../lib/gcc/x86_64-nacl/4.4.3/32/crtbegin.o
                0x00000000110111bc                __dso_handle
 .data          0x00000000110111c0        0x0 glibc/Release/core_x86_32.o
 .data          0x00000000110111c0        0x0 /libexec/../lib/gcc/x86_64-nacl/4.4.3/../../../../x86_64-nacl/lib/../lib32/libppapi_stub.a(plugin_main_irt_21ce9d26.o)
 .data          0x00000000110111c0        0x0 /libexec/../lib/gcc/x86_64-nacl/4.4.3/../../../../x86_64-nacl/lib/../lib32/libppapi_stub.a(ppapi_plugin_main_399d0cf7.o)
 .data          0x00000000110111c0        0x0 /libexec/../lib/gcc/x86_64-nacl/4.4.3/../../../../x86_64-nacl/lib/../lib32/libppapi_stub.a(ppapi_plugin_start_8da67623.o)
 .data          0x00000000110111c0        0x0 /libexec/../lib/gcc/x86_64-nacl/4.4.3/../../../../x86_64-nacl/lib/../lib32/libppapi_stub.a(thread_creator_ccf263e1.o)
 .data          0x00000000110111c0        0x0 /libexec/../lib/gcc/x86_64-nacl/4.4.3/../../../../x86_64-nacl/lib/../lib32/libc_nonshared.a(elf-init.ons)
 .data          0x00000000110111c0        0x0 /libexec/../lib/gcc/x86_64-nacl/4.4.3/32/crtend.o
 .data          0x00000000110111c0        0x0 /libexec/../lib/gcc/x86_64-nacl/4.4.3/../../../../x86_64-nacl/lib/../lib32/crtn.o
 *(.gnu.linkonce.d.*personality*)

.igot.plt       0x00000000110111c0        0x0
 .igot.plt      0x0000000000000000        0x0 /libexec/../lib/gcc/x86_64-nacl/4.4.3/../../../../x86_64-nacl/lib/../lib32/crt1.o

.data1
 *(.data1)
                0x00000000110111c0                _edata = .
                0x00000000110111c0                PROVIDE (edata, .)
                0x00000000110111c0                . = DATA_SEGMENT_END (.)
                0x0000000011020000                . = ALIGN (0x10000)
                0x0000000011020000                __bss_start = .

.bss            0x0000000011020000       0x78
 *(.dynbss)
 .dynbss        0x0000000011020000       0x58 /libexec/../lib/gcc/x86_64-nacl/4.4.3/../../../../x86_64-nacl/lib/../lib32/crt1.o
                0x0000000011020000                typeinfo for pp::Instance
                0x0000000011020020                vtable for __cxxabiv1::__si_class_type_info@@CXXABI_1.3
                0x0000000011020050                typeinfo for pp::Module
 *(.bss .bss.* .gnu.linkonce.b.*)
 .bss           0x0000000011020058        0x0 /libexec/../lib/gcc/x86_64-nacl/4.4.3/../../../../x86_64-nacl/lib/../lib32/crt1.o
 .bss           0x0000000011020058        0x0 /libexec/../lib/gcc/x86_64-nacl/4.4.3/../../../../x86_64-nacl/lib/../lib32/crti.o
 .bss           0x0000000011020058       0x20 /libexec/../lib/gcc/x86_64-nacl/4.4.3/32/crtbegin.o
 .bss           0x0000000011020078        0x0 glibc/Release/core_x86_32.o
 .bss           0x0000000011020078        0x0 /libexec/../lib/gcc/x86_64-nacl/4.4.3/../../../../x86_64-nacl/lib/../lib32/libppapi_stub.a(plugin_main_irt_21ce9d26.o)
 .bss           0x0000000011020078        0x0 /libexec/../lib/gcc/x86_64-nacl/4.4.3/../../../../x86_64-nacl/lib/../lib32/libppapi_stub.a(ppapi_plugin_main_399d0cf7.o)
 .bss           0x0000000011020078        0x0 /libexec/../lib/gcc/x86_64-nacl/4.4.3/../../../../x86_64-nacl/lib/../lib32/libppapi_stub.a(ppapi_plugin_start_8da67623.o)
 .bss           0x0000000011020078        0x0 /libexec/../lib/gcc/x86_64-nacl/4.4.3/../../../../x86_64-nacl/lib/../lib32/libppapi_stub.a(thread_creator_ccf263e1.o)
 .bss           0x0000000011020078        0x0 /libexec/../lib/gcc/x86_64-nacl/4.4.3/../../../../x86_64-nacl/lib/../lib32/libc_nonshared.a(elf-init.ons)
 .bss           0x0000000011020078        0x0 /libexec/../lib/gcc/x86_64-nacl/4.4.3/32/crtend.o
 .bss           0x0000000011020078        0x0 /libexec/../lib/gcc/x86_64-nacl/4.4.3/../../../../x86_64-nacl/lib/../lib32/crtn.o
 *(COMMON)
                0x0000000011020078                . = ALIGN ((. != 0x0)?0x4:0x1)
                0x0000000011020078                . = ALIGN (0x4)
                0x0000000011020078                . = ALIGN (0x4)
                0x0000000011020078                _end = .
                0x0000000011020078                PROVIDE (end, .)

.stab
 *(.stab)

.stabstr
 *(.stabstr)

.stab.excl
 *(.stab.excl)

.stab.exclstr
 *(.stab.exclstr)

.stab.index
 *(.stab.index)

.stab.indexstr
 *(.stab.indexstr)

.comment        0x0000000000000000       0x88
 *(.comment)
 .comment       0x0000000000000000       0x88 /libexec/../lib/gcc/x86_64-nacl/4.4.3/../../../../x86_64-nacl/lib/../lib32/crt1.o
                                        0x112 (size before relaxing)
 .comment       0x0000000000000000       0x89 /libexec/../lib/gcc/x86_64-nacl/4.4.3/../../../../x86_64-nacl/lib/../lib32/crti.o
 .comment       0x0000000000000000       0x89 /libexec/../lib/gcc/x86_64-nacl/4.4.3/32/crtbegin.o
 .comment       0x0000000000000000       0x89 glibc/Release/core_x86_32.o
 .comment       0x0000000000000000       0x89 /libexec/../lib/gcc/x86_64-nacl/4.4.3/../../../../x86_64-nacl/lib/../lib32/libppapi_stub.a(plugin_main_irt_21ce9d26.o)
 .comment       0x0000000000000000       0x89 /libexec/../lib/gcc/x86_64-nacl/4.4.3/../../../../x86_64-nacl/lib/../lib32/libppapi_stub.a(ppapi_plugin_main_399d0cf7.o)
 .comment       0x0000000000000000       0x89 /libexec/../lib/gcc/x86_64-nacl/4.4.3/../../../../x86_64-nacl/lib/../lib32/libppapi_stub.a(ppapi_plugin_start_8da67623.o)
 .comment       0x0000000000000000       0x89 /libexec/../lib/gcc/x86_64-nacl/4.4.3/../../../../x86_64-nacl/lib/../lib32/libppapi_stub.a(thread_creator_ccf263e1.o)
 .comment       0x0000000000000000       0x89 /libexec/../lib/gcc/x86_64-nacl/4.4.3/../../../../x86_64-nacl/lib/../lib32/libc_nonshared.a(elf-init.ons)
 .comment       0x0000000000000000       0x89 /libexec/../lib/gcc/x86_64-nacl/4.4.3/32/crtend.o
 .comment       0x0000000000000000       0x89 /libexec/../lib/gcc/x86_64-nacl/4.4.3/../../../../x86_64-nacl/lib/../lib32/crtn.o

.debug
 *(.debug)

.line
 *(.line)

.debug_srcinfo
 *(.debug_srcinfo)

.debug_sfnames
 *(.debug_sfnames)

.debug_aranges  0x0000000000000000      0x120
 *(.debug_aranges)
 .debug_aranges
                0x0000000000000000       0x20 /libexec/../lib/gcc/x86_64-nacl/4.4.3/../../../../x86_64-nacl/lib/../lib32/crt1.o
 .debug_aranges
                0x0000000000000020       0x60 glibc/Release/core_x86_32.o
 .debug_aranges
                0x0000000000000080       0x20 /libexec/../lib/gcc/x86_64-nacl/4.4.3/../../../../x86_64-nacl/lib/../lib32/libppapi_stub.a(plugin_main_irt_21ce9d26.o)
 .debug_aranges
                0x00000000000000a0       0x20 /libexec/../lib/gcc/x86_64-nacl/4.4.3/../../../../x86_64-nacl/lib/../lib32/libppapi_stub.a(ppapi_plugin_main_399d0cf7.o)
 .debug_aranges
                0x00000000000000c0       0x20 /libexec/../lib/gcc/x86_64-nacl/4.4.3/../../../../x86_64-nacl/lib/../lib32/libppapi_stub.a(ppapi_plugin_start_8da67623.o)
 .debug_aranges
                0x00000000000000e0       0x20 /libexec/../lib/gcc/x86_64-nacl/4.4.3/../../../../x86_64-nacl/lib/../lib32/libppapi_stub.a(thread_creator_ccf263e1.o)
 .debug_aranges
                0x0000000000000100       0x20 /libexec/../lib/gcc/x86_64-nacl/4.4.3/../../../../x86_64-nacl/lib/../lib32/libc_nonshared.a(elf-init.ons)

.debug_pubnames
                0x0000000000000000      0x2ee
 *(.debug_pubnames)
 .debug_pubnames
                0x0000000000000000       0x42 /libexec/../lib/gcc/x86_64-nacl/4.4.3/../../../../x86_64-nacl/lib/../lib32/crt1.o
 .debug_pubnames
                0x0000000000000042      0x1d5 glibc/Release/core_x86_32.o
 .debug_pubnames
                0x0000000000000217       0x1b /libexec/../lib/gcc/x86_64-nacl/4.4.3/../../../../x86_64-nacl/lib/../lib32/libppapi_stub.a(plugin_main_irt_21ce9d26.o)
 .debug_pubnames
                0x0000000000000232       0x26 /libexec/../lib/gcc/x86_64-nacl/4.4.3/../../../../x86_64-nacl/lib/../lib32/libppapi_stub.a(ppapi_plugin_main_399d0cf7.o)
 .debug_pubnames
                0x0000000000000258       0x27 /libexec/../lib/gcc/x86_64-nacl/4.4.3/../../../../x86_64-nacl/lib/../lib32/libppapi_stub.a(ppapi_plugin_start_8da67623.o)
 .debug_pubnames
                0x000000000000027f       0x35 /libexec/../lib/gcc/x86_64-nacl/4.4.3/../../../../x86_64-nacl/lib/../lib32/libppapi_stub.a(thread_creator_ccf263e1.o)
 .debug_pubnames
                0x00000000000002b4       0x3a /libexec/../lib/gcc/x86_64-nacl/4.4.3/../../../../x86_64-nacl/lib/../lib32/libc_nonshared.a(elf-init.ons)

.debug_info     0x0000000000000000     0x33c4
 *(.debug_info .gnu.linkonce.wi.*)
 .debug_info    0x0000000000000000      0x197 /libexec/../lib/gcc/x86_64-nacl/4.4.3/../../../../x86_64-nacl/lib/../lib32/crt1.o
 .debug_info    0x0000000000000197     0x2611 glibc/Release/core_x86_32.o
 .debug_info    0x00000000000027a8       0x8f /libexec/../lib/gcc/x86_64-nacl/4.4.3/../../../../x86_64-nacl/lib/../lib32/libppapi_stub.a(plugin_main_irt_21ce9d26.o)
 .debug_info    0x0000000000002837      0x145 /libexec/../lib/gcc/x86_64-nacl/4.4.3/../../../../x86_64-nacl/lib/../lib32/libppapi_stub.a(ppapi_plugin_main_399d0cf7.o)
 .debug_info    0x000000000000297c      0x3eb /libexec/../lib/gcc/x86_64-nacl/4.4.3/../../../../x86_64-nacl/lib/../lib32/libppapi_stub.a(ppapi_plugin_start_8da67623.o)
 .debug_info    0x0000000000002d67      0x542 /libexec/../lib/gcc/x86_64-nacl/4.4.3/../../../../x86_64-nacl/lib/../lib32/libppapi_stub.a(thread_creator_ccf263e1.o)
 .debug_info    0x00000000000032a9      0x11b /libexec/../lib/gcc/x86_64-nacl/4.4.3/../../../../x86_64-nacl/lib/../lib32/libc_nonshared.a(elf-init.ons)

.debug_abbrev   0x0000000000000000      0xc6d
 *(.debug_abbrev)
 .debug_abbrev  0x0000000000000000       0xe6 /libexec/../lib/gcc/x86_64-nacl/4.4.3/../../../../x86_64-nacl/lib/../lib32/crt1.o
 .debug_abbrev  0x00000000000000e6      0x6a6 glibc/Release/core_x86_32.o
 .debug_abbrev  0x000000000000078c       0x4a /libexec/../lib/gcc/x86_64-nacl/4.4.3/../../../../x86_64-nacl/lib/../lib32/libppapi_stub.a(plugin_main_irt_21ce9d26.o)
 .debug_abbrev  0x00000000000007d6       0xbb /libexec/../lib/gcc/x86_64-nacl/4.4.3/../../../../x86_64-nacl/lib/../lib32/libppapi_stub.a(ppapi_plugin_main_399d0cf7.o)
 .debug_abbrev  0x0000000000000891      0x1ba /libexec/../lib/gcc/x86_64-nacl/4.4.3/../../../../x86_64-nacl/lib/../lib32/libppapi_stub.a(ppapi_plugin_start_8da67623.o)
 .debug_abbrev  0x0000000000000a4b      0x13d /libexec/../lib/gcc/x86_64-nacl/4.4.3/../../../../x86_64-nacl/lib/../lib32/libppapi_stub.a(thread_creator_ccf263e1.o)
 .debug_abbrev  0x0000000000000b88       0xe5 /libexec/../lib/gcc/x86_64-nacl/4.4.3/../../../../x86_64-nacl/lib/../lib32/libc_nonshared.a(elf-init.ons)

.debug_line     0x0000000000000000      0xee7
 *(.debug_line)
 .debug_line    0x0000000000000000       0x95 /libexec/../lib/gcc/x86_64-nacl/4.4.3/../../../../x86_64-nacl/lib/../lib32/crt1.o
 .debug_line    0x0000000000000095      0x7f8 glibc/Release/core_x86_32.o
 .debug_line    0x000000000000088d       0x46 /libexec/../lib/gcc/x86_64-nacl/4.4.3/../../../../x86_64-nacl/lib/../lib32/libppapi_stub.a(plugin_main_irt_21ce9d26.o)
 .debug_line    0x00000000000008d3       0xfd /libexec/../lib/gcc/x86_64-nacl/4.4.3/../../../../x86_64-nacl/lib/../lib32/libppapi_stub.a(ppapi_plugin_main_399d0cf7.o)
 .debug_line    0x00000000000009d0      0x284 /libexec/../lib/gcc/x86_64-nacl/4.4.3/../../../../x86_64-nacl/lib/../lib32/libppapi_stub.a(ppapi_plugin_start_8da67623.o)
 .debug_line    0x0000000000000c54      0x1b6 /libexec/../lib/gcc/x86_64-nacl/4.4.3/../../../../x86_64-nacl/lib/../lib32/libppapi_stub.a(thread_creator_ccf263e1.o)
 .debug_line    0x0000000000000e0a       0xdd /libexec/../lib/gcc/x86_64-nacl/4.4.3/../../../../x86_64-nacl/lib/../lib32/libc_nonshared.a(elf-init.ons)

.debug_frame    0x0000000000000000      0x1a8
 *(.debug_frame)
 .debug_frame   0x0000000000000000       0x34 /libexec/../lib/gcc/x86_64-nacl/4.4.3/../../../../x86_64-nacl/lib/../lib32/crt1.o
 .debug_frame   0x0000000000000034       0x38 /libexec/../lib/gcc/x86_64-nacl/4.4.3/../../../../x86_64-nacl/lib/../lib32/libppapi_stub.a(plugin_main_irt_21ce9d26.o)
 .debug_frame   0x000000000000006c       0x30 /libexec/../lib/gcc/x86_64-nacl/4.4.3/../../../../x86_64-nacl/lib/../lib32/libppapi_stub.a(ppapi_plugin_main_399d0cf7.o)
 .debug_frame   0x000000000000009c       0x54 /libexec/../lib/gcc/x86_64-nacl/4.4.3/../../../../x86_64-nacl/lib/../lib32/libppapi_stub.a(ppapi_plugin_start_8da67623.o)
 .debug_frame   0x00000000000000f0       0x68 /libexec/../lib/gcc/x86_64-nacl/4.4.3/../../../../x86_64-nacl/lib/../lib32/libppapi_stub.a(thread_creator_ccf263e1.o)
 .debug_frame   0x0000000000000158       0x50 /libexec/../lib/gcc/x86_64-nacl/4.4.3/../../../../x86_64-nacl/lib/../lib32/libc_nonshared.a(elf-init.ons)

.debug_str      0x0000000000000000     0x1b66
 *(.debug_str)
 .debug_str     0x0000000000000000      0x174 /libexec/../lib/gcc/x86_64-nacl/4.4.3/../../../../x86_64-nacl/lib/../lib32/crt1.o
                                        0x304 (size before relaxing)
 .debug_str     0x0000000000000174     0x15d7 glibc/Release/core_x86_32.o
                                       0x17e4 (size before relaxing)
 .debug_str     0x000000000000174b       0x52 /libexec/../lib/gcc/x86_64-nacl/4.4.3/../../../../x86_64-nacl/lib/../lib32/libppapi_stub.a(plugin_main_irt_21ce9d26.o)
                                        0x15e (size before relaxing)
 .debug_str     0x000000000000179d       0xa4 /libexec/../lib/gcc/x86_64-nacl/4.4.3/../../../../x86_64-nacl/lib/../lib32/libppapi_stub.a(ppapi_plugin_main_399d0cf7.o)
                                        0x1e1 (size before relaxing)
 .debug_str     0x0000000000001841      0x121 /libexec/../lib/gcc/x86_64-nacl/4.4.3/../../../../x86_64-nacl/lib/../lib32/libppapi_stub.a(ppapi_plugin_start_8da67623.o)
                                        0x301 (size before relaxing)
 .debug_str     0x0000000000001962      0x1b0 /libexec/../lib/gcc/x86_64-nacl/4.4.3/../../../../x86_64-nacl/lib/../lib32/libppapi_stub.a(thread_creator_ccf263e1.o)
                                        0x40f (size before relaxing)
 .debug_str     0x0000000000001b12       0x54 /libexec/../lib/gcc/x86_64-nacl/4.4.3/../../../../x86_64-nacl/lib/../lib32/libc_nonshared.a(elf-init.ons)
                                        0x157 (size before relaxing)

.debug_loc      0x0000000000000000      0x627
 *(.debug_loc)
 .debug_loc     0x0000000000000000       0x6a /libexec/../lib/gcc/x86_64-nacl/4.4.3/../../../../x86_64-nacl/lib/../lib32/crt1.o
 .debug_loc     0x000000000000006a      0x37b glibc/Release/core_x86_32.o
 .debug_loc     0x00000000000003e5       0x2c /libexec/../lib/gcc/x86_64-nacl/4.4.3/../../../../x86_64-nacl/lib/../lib32/libppapi_stub.a(plugin_main_irt_21ce9d26.o)
 .debug_loc     0x0000000000000411       0x2c /libexec/../lib/gcc/x86_64-nacl/4.4.3/../../../../x86_64-nacl/lib/../lib32/libppapi_stub.a(ppapi_plugin_main_399d0cf7.o)
 .debug_loc     0x000000000000043d       0xd0 /libexec/../lib/gcc/x86_64-nacl/4.4.3/../../../../x86_64-nacl/lib/../lib32/libppapi_stub.a(ppapi_plugin_start_8da67623.o)
 .debug_loc     0x000000000000050d       0x84 /libexec/../lib/gcc/x86_64-nacl/4.4.3/../../../../x86_64-nacl/lib/../lib32/libppapi_stub.a(thread_creator_ccf263e1.o)
 .debug_loc     0x0000000000000591       0x96 /libexec/../lib/gcc/x86_64-nacl/4.4.3/../../../../x86_64-nacl/lib/../lib32/libc_nonshared.a(elf-init.ons)

.debug_macinfo
 *(.debug_macinfo)

.debug_weaknames
 *(.debug_weaknames)

.debug_funcnames
 *(.debug_funcnames)

.debug_typenames
 *(.debug_typenames)

.debug_varnames
 *(.debug_varnames)

.debug_pubtypes
 *(.debug_pubtypes)

.debug_ranges   0x0000000000000000      0x290
 *(.debug_ranges)
 .debug_ranges  0x0000000000000000      0x290 glibc/Release/core_x86_32.o

.gnu.attributes
 *(.gnu.attributes)

/DISCARD/
 *(.note.GNU-stack)
 *(.gnu_debuglink)
 *(.note.ABI-tag)
 *(.interp)
OUTPUT(glibc/Release/core_unstripped_x86_32.nexe elf32-i386-nacl)
